make -f xvisor.mk csim LOGDIR=./log TARGETDIR=./target
../sail-riscv/c_emulator/riscv_sim_RV64 -Vmem -Vplatform -Vreg -Vinstr \
--enable-dirty-update --enable-pmp --mtval-has-illegal-inst-bits --xtinst-has-transformed-inst \
--ram-size 512 --device-tree-blob ./target/rv64gch_xvisor.dtb target/opensbi_xvisor_payload.elf
enabling dirty update.
enabling PMP support.
enabling storing illegal instruction bits in mtval.
enabling storing transformed instruction bits in mtinst and htinst.
setting ram-size to 512 MB
using ./target/rv64gch_xvisor.dtb as DTB file.
tohost located at 0x800421f8
fromhost located at 0x800421f0

OpenSBI v1.4
   ____                    _____ ____ _____
  / __ \                  / ____|  _ \_   _|
 | |  | |_ __   ___ _ __ | (___ | |_) || |
 | |  | | '_ \ / _ \ '_ \ \___ \|  _ < | |
 | |__| | |_) |  __/ | | |____) | |_) || |_
  \____/| .__/ \___|_| |_|_____/|____/_____|
        | |
        |_|

Platform Name             : ucbbar,spike-bare
Platform Features         : medeleg
Platform HART Count       : 1
Platform IPI Device       : aclint-mswi
Platform Timer Device     : aclint-mtimer @ 10000000Hz
Platform Console Device   : htif
Platform HSM Device       : ---
Platform PMU Device       : ---
Platform Reboot Device    : htif
Platform Shutdown Device  : htif
Platform Suspend Device   : ---
Platform CPPC Device      : ---
Firmware Base             : 0x80000000
Firmware Size             : 323 KB
Firmware RW Offset        : 0x40000
Firmware RW Size          : 67 KB
Firmware Heap Offset      : 0x48000
Firmware Heap Size        : 35 KB (total), 2 KB (reserved), 10 KB (used), 22 KB (free)
Firmware Scratch Size     : 4096 B (total), 312 B (used), 3784 B (free)
Runtime SBI Version       : 2.0

Domain0 Name              : root
Domain0 Boot HART         : 0
Domain0 HARTs             : 0*
Domain0 Region00          : 0x0000000000000000-0x0000000000000fff M: (I,R,W) S/U: (R,W)
Domain0 Region01          : 0x0000000080040000-0x000000008005ffff M: (R,W) S/U: ()
Domain0 Region02          : 0x0000000002080000-0x00000000020bffff M: (I,R,W) S/U: ()
Domain0 Region03          : 0x0000000080000000-0x000000008003ffff M: (R,X) S/U: ()
Domain0 Region04          : 0x0000000002000000-0x000000000207ffff M: (I,R,W) S/U: ()
Domain0 Region05          : 0x0000000000000000-0xffffffffffffffff M: () S/U: (R,W,X)
Domain0 Next Address      : 0x0000000080200000
Domain0 Next Arg1         : 0x0000000082200000
Domain0 Next Mode         : S-mode
Domain0 SysReset          : yes
Domain0 SysSuspend        : yes

Boot HART ID              : 0
Boot HART Domain          : root
Boot HART Priv Version    : v1.12
Boot HART Base ISA        : rv64imafdcvh
Boot HART ISA Extensions  : zicntr,sdtrig
Boot HART PMP Count       : 16
Boot HART PMP Granularity : 2 bits
Boot HART PMP Address Bits: 54
Boot HART MHPM Info       : 0 (0x00000000)
Boot HART Debug Triggers  : 0 triggers
Boot HART MIDELEG         : 0x0000000000001666
Boot HART MEDELEG         : 0x0000000000f0b509

Xvisor v0.3.2 (Feb  1 2024 11:09:27)

INIT: host address space
INIT: vapool: base=0x0000000010000000 size=33554432
INIT: vapool: hkbase=0x0000000010137000 hksize=131072
INIT: ram: bank0 phys=0x0000000080000000 size=536870912
INIT: ram: bank0 hkbase=0x0000000010157000 hksize=16384
INIT: ram_reserve: phys=0x0000000080200000 size=749568
INIT: ram_reserve: phys=0x0000000080337000 size=376832
INIT: ram_reserve: phys=0x00000000802B7000 size=524288
INIT: vapool_reserve: virt=0x0000000010000000 size=1650688
INIT: ram_reserve: phys=0x0000000082200000 size=4096
INIT: heap management
INIT: device tree
INIT: device tree reserved-memory
INIT: ram_reserve: phys=0x0000000080000000 size=262144
INIT: ram_reserve: phys=0x0000000080040000 size=131072
INIT: DMA heap management
INIT: CPU nascent
INIT: SBI specification v2.0 detected
INIT: SBI implementation ID=0x1 Version=0x10004
INIT: SBI TIME extension detected
INIT: SBI IPI extension detected
INIT: SBI RFENCE extension detected
INIT: SBI SRST extension detected
INIT: SBI DBCN extension detected
INIT: board nascent
INIT: nascent funtions
INIT: page pool
INIT: exception table
INIT: per-CPU areas
INIT: CPU hotplug
INIT: host irq subsystem
INIT: riscv-intc: registered 64 local interrupts
INIT: CPU early
INIT: early_params: vmm.bootcmd="vfs mount initrd /;vfs run /boot.xscript"
INIT: board early
INIT: early funtions
INIT: standard I/O
INIT: clocksource manager
INIT: riscv-timer: registered clocksource @ 10000000Hz
INIT: clockchip manager
INIT: hypervisor timer
INIT: hypervisor soft delay
INIT: hypervisor shared memory
INIT: hypervisor manager
INIT: hypervisor scheduler
INIT: hypervisor threads
INIT: workqueue framework
INIT: wallclock subsystem
INIT: command manager
INIT: device driver framework
INIT: device emulation framework
INIT: character device framework
INIT: iommu framework
INIT: hypervisor modules
Module Init zero
Module Init plic
Module Init platform
Module Init goldfish_rtc
Module Init vminfo
Module Init virtio_host_mmio
Module Init mterm
Module Init cmd_vsdaemon
Module Init cmd_rbd
Module Init cmd_clk
Module Init cmd_vinput
Module Init cmd_vdisplay
Module Init cmd_vdisk
Module Init cmd_vmsg
Module Init cmd_module
Module Init cmd_wallclock
Module Init cmd_heap
Module Init cmd_stdio
Module Init cmd_chardev
Module Init cmd_thread
Module Init cmd_shmem
Module Init cmd_memory
Module Init cmd_guest
Module Init cmd_vcpu
Module Init cmd_devtree
Module Init cmd_iommu
Module Init cmd_host
Module Init cmd_shutdown
Module Init cmd_reset
Module Init cmd_echo
Module Init cmd_sleep
Module Init cmd_version
Module Init vmm_vinput
Module Init vmm_vdisplay
Module Init vmm_vspi
Module Init vmm_vserial
Module Init vmm_vmsg
Module Init simplefb
Module Init ns16550
Module Init rtc_core
Module Init serial
Module Init virtio_host
Module Init cmd_vserial
Module Init vsdaemon
Module Init vmm_blockdev
INIT: block device framework
Module Init vmm_virtio
Module Init virtio_blk
Module Init virtio_console
Module Init virtio_input
Module Init virtio_rpmsg
Module Init virtio_mmio
Module Init virtio_host_blk
Module Init rbd
Module Init rtc_goldfish
Module Init 8250_uart
Module Init cmd_blockdev
Module Init cmd_rtcdev
Module Init vfs
Module Init vsdaemon_mterm
Module Init vsdaemon_chardev
Module Init vmm_blockpart
Module Init vmm_vdisk
Module Init initrd
initrd: RBD created at 0x90000000 - 0x91045a00
Module Init cmd_vfs
Module Init cpiofs
Module Init ext4_main
Module Init fat_main
Module Init vmm_blockpart_dos
INIT: CPU final
INIT: board final
INIT: final functions
INIT: CPU0 online
INIT: brought-up 1 CPUs
INIT: freeing init memory 24K
INIT: bootcmd: vfs mount initrd /
Trying: cpio
Mounted initrd using cpio at /
INIT: bootcmd: vfs run /boot.xscript

ooooooo  ooooo oooooo     oooo ooooo  .oooooo..o   .oooooo.   ooooooooo.
 `8888    d8'   `888.     .8'  `888' d8P'    `Y8  d8P'  `Y8b  `888   `Y88.
   Y888..8P      `888.   .8'    888  Y88bo.      888      888  888   .d88'
    `8888'        `888. .8'     888    `Y8888o.  888      888  888ooo88P'
   .8PY888.        `888.8'      888        `Y88b 888      888  888`88b.
  d8'  `888b        `888'       888  oo     .d8P `88b    d88'  888  `88b.
o888o  o88888o       `8'       o888o 8''88888P'   `Y8bood8P'  o888o  o888o
Created default shared memory
guest0: Created
guest0: Parsing /images/riscv/virt64/nor_flash.list
guest0: Loading 0x0000000000000000 with file ./firmware.bin
guest0: Loaded 0x0000000000000000 with 73900 bytes
guest0: Loading 0x00000000000FF000 with file ./cmdlist
guest0: Loaded 0x00000000000FF000 with 169 bytes
guest0: Loading 0x0000000000100000 with file ./Image
guest0: Loaded 0x0000000000100000 with 15543808 bytes
guest0: Loading 0x0000000001F00000 with file ./virt64.dtb
guest0: Loaded 0x0000000001F00000 with 2014 bytes
guest0: Loading 0x0000000002000000 with file ./rootfs.img
guest0: Loaded 0x0000000002000000 with 1436160 bytes
guest0: Kicked
[guest0/uart0] RISC-V SBI specification v2.0 detected
[guest0/uart0]
[guest0/uart0] RISC-V SBI implementation ID=0x2 Version=0x3002
[guest0/uart0]
[guest0/uart0]
[guest0/uart0]
[guest0/uart0] RISC-V Virt64 Basic Firmware
[guest0/uart0]
[guest0/uart0]
[guest0/uart0]
[guest0/uart0] autoboot: disabled
[guest0/uart0]
[guest0/uart0]
[guest0/uart0]
[guest0/uart0] basic# autoexec
[guest0/uart0]
[guest0/uart0] autoexec(copy 0x80200000 0x00100000 0x1E00000)
[guest0/uart0]
[guest0/uart0] copy took 74913 usecs for 0x1E00000 bytes
[guest0/uart0]
[guest0/uart0] autoexec(copy 0x83000000 0x01F00000 0x020000)
[guest0/uart0]
[guest0/uart0] copy took 316 usecs for 0x020000 bytes
[guest0/uart0]
[guest0/uart0] autoexec(copy 0x83100000 0x02000000 0x1000000)
[guest0/uart0]
[guest0/uart0] copy took 39953 usecs for 0x1000000 bytes
[guest0/uart0]
[guest0/uart0] autoexec(start_linux_fdt 0x80200000 0x83000000 0x83100000 0x1000000)
[guest0/uart0]
[guest0/uart0] Trying to set new bootargs: root=/dev/ram rw console=ttyS0,115200 earlycon=uart8250,mmio,0x10000000 mem=256M
[guest0/uart0]
[guest0/uart0] Jumping into linux ...
[guest0/uart0]
[guest0/uart0] [    0.000000] Linux version 6.7.0 (lode@hp-fedora) (riscv64-unknown-linux-gnu-gcc (g2ee5e430018) 12.2.0, GNU ld (GNU Binutils) 2.40.0.20230214) #111 Wed Jan 31 15:40:54 CET 2024
[guest0/uart0]
[guest0/uart0] [    0.000000] Machine model: Virt64
[guest0/uart0]
[guest0/uart0] [    0.000000] SBI specification v2.0 detected
[guest0/uart0]
[guest0/uart0] [    0.000000] SBI implementation ID=0x2 Version=0x3002
[guest0/uart0]
[guest0/uart0] [    0.000000] SBI TIME extension detected
[guest0/uart0]
[guest0/uart0] [    0.000000] SBI IPI extension detected
[guest0/uart0]
[guest0/uart0] [    0.000000] SBI RFENCE extension detected
[guest0/uart0]
[guest0/uart0] [    0.000000] SBI SRST extension detected
[guest0/uart0]
[guest0/uart0] [    0.000000] earlycon: uart8250 at MMIO 0x0000000010000000 (options '')
[guest0/uart0]
[guest0/uart0] [    0.000000] printk: legacy bootconsole [uart8250] enabled
[guest0/uart0]
[guest0/uart0] [    0.000000] Memory limited to 256MB
[guest0/uart0]
[guest0/uart0] [    0.000000] efi: UEFI not found.
[guest0/uart0]
[guest0/uart0] [    0.000000] Reserved memory: created DMA memory pool at 0x0000000058000000, size 16 MiB
[guest0/uart0]
[guest0/uart0] [    0.000000] OF: reserved mem: initialized node shmem@58000000, compatible id shared-dma-pool
[guest0/uart0]
[guest0/uart0] [    0.000000] OF: reserved mem: 0x0000000058000000..0x0000000058ffffff (16384 KiB) nomap non-reusable shmem@58000000
[guest0/uart0]
[guest0/uart0] [    0.000000] Zone ranges:
[guest0/uart0]
[guest0/uart0] [    0.000000]   DMA32    [mem 0x0000000080000000-0x000000008fffffff]
[guest0/uart0]
[guest0/uart0] [    0.000000]   Normal   empty
[guest0/uart0]
[guest0/uart0] [    0.000000] Movable zone start for each node
[guest0/uart0]
[guest0/uart0] [    0.000000] Early memory node ranges
[guest0/uart0]
[guest0/uart0] [    0.000000]   node   0: [mem 0x0000000080000000-0x000000008fffffff]
[guest0/uart0]
[guest0/uart0] [    0.000000] Initmem setup node 0 [mem 0x0000000080000000-0x000000008fffffff]
[guest0/uart0]
[guest0/uart0] [    0.000000] Falling back to deprecated "riscv,isa"
[guest0/uart0]
[guest0/uart0] [    0.000000] riscv: base ISA extensions acdfim
[guest0/uart0]
[guest0/uart0] [    0.000000] riscv: ELF capabilities acdfim
[guest0/uart0]
[guest0/uart0] [    0.000000] Kernel command line: root=/dev/ram rw console=ttyS0,115200 earlycon=uart8250,mmio,0x10000000 mem=256M
[guest0/uart0]
[guest0/uart0] [    0.000000] Dentry cache hash table entries: 32768 (order: 6, 262144 bytes, linear)
[guest0/uart0]
[guest0/uart0] [    0.000000] Inode-cache hash table entries: 16384 (order: 5, 131072 bytes, linear)
[guest0/uart0]
[guest0/uart0] [    0.000000] Built 1 zonelists, mobility grouping on.  Total pages: 64512
[guest0/uart0]
[guest0/uart0] [    0.000000] mem auto-init: stack:all(zero), heap alloc:off, heap free:off
[guest0/uart0]
[guest0/uart0] [    0.000000] Virtual kernel memory layout:
[guest0/uart0]
[guest0/uart0] [    0.000000]       fixmap : 0xffff8d7ffea00000 - 0xffff8d7fff000000   (6144 kB)
[guest0/uart0]
[guest0/uart0] [    0.000000]       pci io : 0xffff8d7fff000000 - 0xffff8d8000000000   (  16 MB)
[guest0/uart0]
[guest0/uart0] [    0.000000]      vmemmap : 0xffff8d8000000000 - 0xffff8f8000000000   (2048 GB)
[guest0/uart0]
[guest0/uart0] [    0.000000]      vmalloc : 0xffff8f8000000000 - 0xffffaf8000000000   (  32 TB)
[guest0/uart0]
[guest0/uart0] [    0.000000]      modules : 0xffffffff00f2e000 - 0xffffffff80000000   (2032 MB)
[guest0/uart0]
[guest0/uart0] [    0.000000]       lowmem : 0xffffaf8000000000 - 0xffffaf8010000000   ( 256 MB)
[guest0/uart0]
[guest0/uart0] [    0.000000]       kernel : 0xffffffff80000000 - 0xffffffffffffffff   (2047 MB)
[guest0/uart0]
[guest0/uart0] [    0.000000] Memory: 208412K/262144K available (5288K kernel code, 4812K rwdata, 2048K rodata, 2174K init, 363K bss, 53732K reserved, 0K cma-reserved)
[guest0/uart0]
[guest0/uart0] [    0.000000] SLUB: HWalign=64, Order=0-3, MinObjects=0, CPUs=1, Nodes=1
[guest0/uart0]
[guest0/uart0] [    0.000000] NR_IRQS: 64, nr_irqs: 64, preallocated irqs: 0
[guest0/uart0]
[guest0/uart0] [    0.000000] riscv-intc: 64 local interrupts mapped
[guest0/uart0]
[guest0/uart0] [    0.000000] plic: Invalid cpuid for context 3
[guest0/uart0]
[guest0/uart0] [    0.000000] plic: interrupt-controller@c000000: mapped 31 interrupts with 1 handlers for 4 contexts.
[guest0/uart0]
[guest0/uart0] [    0.000000] riscv-timer: Invalid hartid for node [/cpus/cpu@1] error = [1]
[guest0/uart0]
[guest0/uart0] [    0.000000] Failed to initialize '/cpus/cpu@1': -1
[guest0/uart0]
[guest0/uart0] [    0.000000] clocksource: riscv_clocksource: mask: 0xffffffffffffffff max_cycles: 0x24e6a1710, max_idle_ns: 440795202120 ns
[guest0/uart0]
[guest0/uart0] [    0.000000] sched_clock: 64 bits at 10MHz, resolution 100ns, wraps every 4398046511100ns
[guest0/uart0]
[guest0/uart0] [    0.000356] Console: colour dummy device 80x25
[guest0/uart0]
[guest0/uart0] [    0.000516] Calibrating delay loop (skipped), value calculated using timer frequency.. 20.00 BogoMIPS (lpj=40000)
[guest0/uart0]
[guest0/uart0] [    0.000847] pid_max: default: 32768 minimum: 301
[guest0/uart0]
[guest0/uart0] [    0.001039] LSM: initializing lsm=capability,integrity
[guest0/uart0]
[guest0/uart0] [    0.001250] Mount-cache hash table entries: 512 (order: 0, 4096 bytes, linear)
[guest0/uart0]
[guest0/uart0] [    0.001489] Mountpoint-cache hash table entries: 512 (order: 0, 4096 bytes, linear)
[guest0/uart0]
[guest0/uart0] [    0.002459] RCU Tasks Trace: Setting shift to 0 and lim to 1 rcu_task_cb_adjust=1.
[guest0/uart0]
[guest0/uart0] [    0.002754] riscv: ELF compat mode unsupported
[guest0/uart0]
[guest0/uart0] [    0.002762] ASID allocator using 16 bits (65536 entries)
[guest0/uart0]
[guest0/uart0] [    0.003167] EFI services will not be available.
[guest0/uart0]
[guest0/uart0] [    0.003491] devtmpfs: initialized
[guest0/uart0]
[guest0/uart0] [    0.004377] clocksource: jiffies: mask: 0xffffffff max_cycles: 0xffffffff, max_idle_ns: 7645041785100000 ns
[guest0/uart0]
[guest0/uart0] [    0.004692] futex hash table entries: 256 (order: 1, 12288 bytes, linear)
[guest0/uart0]
[guest0/uart0] [    0.004972] pinctrl core: initialized pinctrl subsystem
[guest0/uart0]
[guest0/uart0] [    0.005615] cpuidle: using governor menu
[guest0/uart0]
[guest0/uart0] [    0.028313] cpu0: Ratio of byte access time to unaligned word access is 0.02, unaligned accesses are slow
[guest0/uart0]
[guest0/uart0] [    0.029050] platform smb: Fixed dependency cycle(s) with /smb/interrupt-controller@c000000
[guest0/uart0]
[guest0/uart0] [    0.030485] HugeTLB: registered 2.00 MiB page size, pre-allocated 0 pages
[guest0/uart0]
[guest0/uart0] [    0.030707] HugeTLB: 28 KiB vmemmap can be freed for a 2.00 MiB page
[guest0/uart0]
[guest0/uart0] [    0.031144] ACPI: Interpreter disabled.
[guest0/uart0]
[guest0/uart0] [    0.031646] SCSI subsystem initialized
[guest0/uart0]
[guest0/uart0] [    0.031912] usbcore: registered new interface driver usbfs
[guest0/uart0]
[guest0/uart0] [    0.032114] usbcore: registered new interface driver hub
[guest0/uart0]
[guest0/uart0] [    0.032309] usbcore: registered new device driver usb
[guest0/uart0]
[guest0/uart0] [    0.032760] vgaarb: loaded
[guest0/uart0]
[guest0/uart0] [    0.032945] clocksource: Switched to clocksource riscv_clocksource
[guest0/uart0]
[guest0/uart0] [    0.033350] pnp: PnP ACPI: disabled
[guest0/uart0]
[guest0/uart0] [    0.039177] PCI: CLS 0 bytes, default 64
[guest0/uart0]
[guest0/uart0] [    0.039685] Unpacking initramfs...
[guest0/uart0]
[guest0/uart0] [    0.487575] Freeing initrd memory: 16384K
[guest0/uart0]
[guest0/uart0] [    0.487742] workingset: timestamp_bits=46 max_order=16 bucket_order=0
[guest0/uart0]
[guest0/uart0] [    0.488347] Block layer SCSI generic (bsg) driver version 0.4 loaded (major 246)
[guest0/uart0]
[guest0/uart0] [    0.488588] io scheduler mq-deadline registered
[guest0/uart0]
[guest0/uart0] [    0.488743] io scheduler kyber registered
[guest0/uart0]
[guest0/uart0] [    0.488893] io scheduler bfq registered
[guest0/uart0]
[guest0/uart0] [    0.489268] simple-framebuffer 50000000.simplefb: framebuffer at 0x50000000, 0x1000000 bytes
[guest0/uart0]
[guest0/uart0] [    0.489542] simple-framebuffer 50000000.simplefb: format=a8r8g8b8, mode=1600x900x32, linelength=6400
[guest0/uart0]
[guest0/uart0] [    0.503352] Console: switching to colour frame buffer device 200x56
[guest0/uart0]
[guest0/uart0] [    0.515690] simple-framebuffer 50000000.simplefb: fb0: simplefb registered!
[guest0/uart0]
[guest0/uart0] [    0.516736] virtio_rpmsg_bus virtio2: rpmsg host is online
[guest0/uart0]
[guest0/uart0] [    0.517774] input: Xvisor VirtIO Input as /devices/platform/smb/20004000.virtio_input/virtio3/input/input0
[guest0/uart0]
[guest0/uart0] [    0.552821] Serial: 8250/16550 driver, 4 ports, IRQ sharing disabled
[guest0/uart0]
[guest0/uart0] [    0.554234] printk: legacy console [ttyS0] disabled
[guest0/uart0]
[guest0/uart0] [    0.554597] 10000000.uart: ttyS0 at MMIO 0x10000000 (irq = 4, base_baud = 230400) is a 16550A
[guest0/uart0]
[guest0/uart0] [    0.554888] printk: legacy console [ttyS0] enabled
[guest0/uart0]
[guest0/uart0] [    0.554888] printk: legacy console [ttyS0] enabled
[guest0/uart0]
[guest0/uart0] [    0.555215] printk: legacy bootconsole [uart8250] disabled
[guest0/uart0]
[guest0/uart0] [    0.555215] printk: legacy bootconsole [uart8250] disabled
[guest0/uart0]
[guest0/uart0] [    0.560266] loop: module loaded
[guest0/uart0]
[guest0/uart0] [    0.560418] virtio_blk virtio0: 1/0/0 default/read/poll queues
[guest0/uart0]
[guest0/uart0] [    0.560735] virtio_blk virtio0: [vda] 0 512-byte logical blocks (0 B/0 B)
[guest0/uart0]
[guest0/uart0] [    0.561935] usbcore: registered new interface driver uas
[guest0/uart0]
[guest0/uart0] [    0.562139] usbcore: registered new interface driver usb-storage
[guest0/uart0]
[guest0/uart0] [    0.562524] mousedev: PS/2 mouse device common for all mice
[guest0/uart0]
[guest0/uart0] [    0.562931] goldfish_rtc 10003000.rtc: registered as rtc0
[guest0/uart0]
[guest0/uart0] [    0.563122] goldfish_rtc 10003000.rtc: setting system clock to 1970-01-01T00:00:00 UTC (0)
[guest0/uart0]
[guest0/uart0] [    0.563657] sdhci: Secure Digital Host Controller Interface driver
[guest0/uart0]
[guest0/uart0] [    0.563867] sdhci: Copyright(c) Pierre Ossman
[guest0/uart0]
[guest0/uart0] [    0.564038] Synopsys Designware Multimedia Card Interface Driver
[guest0/uart0]
[guest0/uart0] [    0.564269] sdhci-pltfm: SDHCI platform and OF driver helper
[guest0/uart0]
[guest0/uart0] [    0.564569] usbcore: registered new interface driver usbhid
[guest0/uart0]
[guest0/uart0] [    0.564760] usbhid: USB HID core driver
[guest0/uart0]
[guest0/uart0] [    0.578830] debug_vm_pgtable: [debug_vm_pgtable         ]: Validating architecture page table helpers
[guest0/uart0]
[guest0/uart0] [    0.579476] Legacy PMU implementation is available
[guest0/uart0]
[guest0/uart0] [    0.579706] clk: Disabling unused clocks
[guest0/uart0]
[guest0/uart0] [    0.580615] Freeing unused kernel image (initmem) memory: 2172K
[guest0/uart0]
[guest0/uart0] [    0.580769] Run /init as init process
[guest0/uart0]
[guest0/uart0] [info] Mount devices
[guest0/uart0]
[guest0/uart0] [debug] ls /
[guest0/uart0]
[guest0/uart0] [1;34mbin[m      [1;34metc[m      [1;32minit[m     [1;34mmnt[m      [1;34mroot[m     [1;34msys[m      [1;34musr[m
[guest0/uart0]
[guest0/uart0] [1;34mdev[m      [1;34mhome[m     [1;36mlinuxrc[m  [1;34mproc[m     [1;34msbin[m     [1;34mtmp[m
[guest0/uart0]
[guest0/uart0] [debug] ls /bin
[guest0/uart0]
[guest0/uart0] [1;36march[m           [1;36mdumpkmap[m       [1;36mkill[m           [1;36mmv[m             [1;36msetserial[m
[guest0/uart0]
[guest0/uart0] ï¿½ï¿½ï¿½ï¿½ï¿½ï¿½ï¿½ï¿½ï¿½ï¿½ï¿½ï¿½ï¿½ï¿½ï¿½ï¿½ï¿½ï¿½ï¿½ï¿½ï¿½ï¿½ï¿½ï¿½ï¿½ï¿½ï¿½ï¿½ï¿½ï¿½ï¿½ï¿½ï¿½ï¿½ï¿½ï¿½ï¿½ï¿½ï¿½ï¿½ï¿½ï¿½ï¿½ï¿½ï¿½ï¿½ï¿½ï¿½ï¿½ï¿½ï¿½ï¿½ï¿½ï¿½ï¿½ï¿½ï¿½ï¿½ï¿½ï¿½ï¿½ï¿½ï¿½ï¿½[1;36mash[m            [1;36mecho[m           [1;36mlink[m           [1;36mnice[m           [1;36msh[m
[guest0/uart0]
[guest0/uart0] [1;36mbase64[m         [1;36megrep[m          [1;36mlinux32[m        [1;36mnuke[m           [1;36msleep[m
[guest0/uart0]
[guest0/uart0] [1;32mbusybox[m        [1;36mfalse[m          [1;36mlinux64[m        [1;36mpidof[m          [1;36mstat[m
[guest0/uart0]
[guest0/uart0] [1;36mcat[m            [1;36mfatattr[m        [1;36mln[m             [1;36mpipe_progress[m  [1;36mstty[m
[guest0/uart0]
[guest0/uart0] [1;36mchattr[m         [1;36mfdflush[m        [1;36mlogin[m          [1;36mprintenv[m       [1;36msu[m
[guest0/uart0]
[guest0/uart0] [1;36mchgrp[m          [1;36mfgrep[m          [1;36mls[m             [1;36mps[m             [1;36msync[m
[guest0/uart0]
[guest0/uart0] [1;36mchmod[m          [1;36mfsync[m          [1;36mlsattr[m         [1;36mpwd[m            [1;36mtar[m
[guest0/uart0]
[guest0/uart0] [1;36mchown[m          [1;36mgetopt[m         [1;36mlzop[m           [1;36mresume[m         [1;36mtouch[m
[guest0/uart0]
[guest0/uart0] [1;36mconspy[m         [1;36mgrep[m           [1;36mmkdir[m          [1;36mrev[m            [1;36mtrue[m
[guest0/uart0]
[guest0/uart0] [1;36mcp[m             [1;36mgunzip[m         [1;36mmknod[m          [1;36mrm[m             [1;36mumount[m
[guest0/uart0]
[guest0/uart0] [1;36mcpio[m           [1;36mgzip[m           [1;36mmktemp[m         [1;36mrmdir[m          [1;36muname[m
[guest0/uart0]
[guest0/uart0] [1;36mcttyhack[m       [1;36mhostname[m       [1;36mmore[m           [1;36mrpm[m            [1;36musleep[m
[guest0/uart0]
[guest0/uart0] [1;36mdate[m           [1;36mhush[m           [1;36mmount[m          [1;36mrun-parts[m      [1;36mvi[m
[guest0/uart0]
[guest0/uart0] [1;36mdd[m             [1;36mionice[m         [1;36mmountpoint[m     [1;36mscriptreplay[m   [1;36mwatch[m
[guest0/uart0]
[guest0/uart0] [1;36mdf[m             [1;36miostat[m         [1;36mmpstat[m         [1;36msetarch[m        [1;36mzcat[m
[guest0/uart0]
[guest0/uart0] [1;36mdmesg[m          [1;36mkbd_mode[m       [1;36mmt[m             [1;36msetpriv[m
[guest0/uart0]
[guest0/uart0] [info] Launch shell
[guest0/uart0]
[guest0/uart0] / #
